App.tsx(6247,19): error TS2345: Argument of type '{ id: string; }[]' is not assignable to parameter of type 'SetStateAction<{ email: string; timestamp: number; }[]>'.
  Type '{ id: string; }[]' is not assignable to type '{ email: string; timestamp: number; }[]'.
    Type '{ id: string; }' is missing the following properties from type '{ email: string; timestamp: number; }': email, timestamp
App.tsx(6273,47): error TS2339: Property 'id' does not exist on type '{ email: string; timestamp: number; }'.
App.tsx(6347,62): error TS2339: Property 'id' does not exist on type '{ email: string; timestamp: number; }'.
App.tsx(8564,13): error TS2353: Object literal may only specify known properties, and 'topic' does not exist in type 'SetStateAction<ShowMeData>'.
